../Core/Src/main.c:87:5:main	256	static
../Core/Src/main.c:184:6:SystemClock_Config	96	static
../Core/Src/main.c:236:13:MX_ADC_Init	24	static
../Core/Src/main.c:291:13:MX_I2C1_Init	8	static
../Core/Src/main.c:325:13:MX_RTC_Init	32	static
../Core/Src/main.c:395:13:MX_USART2_UART_Init	8	static
../Core/Src/main.c:428:13:MX_USART3_UART_Init	8	static
../Core/Src/main.c:461:13:MX_GPIO_Init	48	static
../Core/Src/main.c:500:6:HAL_GPIO_EXTI_Callback	16	static
../Core/Src/main.c:506:6:HAL_RTCEx_WakeUpTimerEventCallback	16	static
../Core/Src/main.c:517:6:Error_Handler	4	static,ignoring_inline_asm
